// Jest Snapshot v1, https://goo.gl/fbAQLP

exports[`<ComicLink /> renders the same as last time 1`] = `
<View
  style={
    [
      undefined,
      {
        "alignItems": "center",
        "flexDirection": "row",
        "justifyContent": "space-between",
        "marginTop": null,
        "width": "100%",
      },
    ]
  }
>
  <View
    accessibilityState={
      {
        "busy": undefined,
        "checked": undefined,
        "disabled": undefined,
        "expanded": undefined,
        "selected": undefined,
      }
    }
    accessibilityValue={
      {
        "max": undefined,
        "min": undefined,
        "now": undefined,
        "text": undefined,
      }
    }
    accessible={true}
    collapsable={false}
    focusable={true}
    onClick={[Function]}
    onResponderGrant={[Function]}
    onResponderMove={[Function]}
    onResponderRelease={[Function]}
    onResponderTerminate={[Function]}
    onResponderTerminationRequest={[Function]}
    onStartShouldSetResponder={[Function]}
    style={
      {
        "alignItems": "center",
        "backgroundColor": undefined,
        "height": "100%",
        "justifyContent": "center",
        "opacity": 1,
        "width": 50,
      }
    }
  >
    <Text
      style={
        {
          "fontSize": 30,
        }
      }
    >
      â‰¡
    </Text>
  </View>
  <Text
    style={
      {
        "flexGrow": 1,
        "fontSize": 18,
        "textAlign": "center",
        "textAlignVertical": "center",
      }
    }
  >
    mock
  </Text>
  <View
    style={
      {
        "height": 40,
        "marginRight": 10,
        "width": 40,
      }
    }
  />
</View>
`;
